Model: llama8b | Job: 132489 | Node: rlab7 | Start: Tue Apr 28 09:25:00 PM EDT 2026
Loading results and activations for llama8b
Number of layers: 32
Total results: 1020
Usable: 1020
Skipped: no_pred=0, no_activation=0, bad_label=0
Correct: 817 | Incorrect: 203

Label histogram (ALL usable): {'shelf': 179, 'table': 160, 'bed': 169, 'floor': 181, 'desk': 173, 'counter': 158}
Label histogram (INCORRECT only): {'shelf': 24, 'table': 38, 'bed': 39, 'floor': 31, 'desk': 36, 'counter': 35}

Random chance (balanced acc): 16.7%
Model output accuracy (usable set): 80.1%

Training probes per layer...
  layer 0/32 done... (543.1s)
  layer 5/32 done... (402.2s)
  layer 10/32 done... (272.8s)
  layer 15/32 done... (248.2s)
  layer 20/32 done... (275.5s)
  layer 25/32 done... (235.4s)
  layer 30/32 done... (161.7s)

CV used (ALL): RepeatedStratifiedKFold(5x1)
CV used (INC): RepeatedStratifiedKFold(5x1)

Best probe (ALL) balanced acc: 90.6% at layer 24
Best probe (INC) balanced acc: 70.1% at layer 28

Plot saved to probe_accuracy_llama8b.png
Done: Wed Apr 29 12:03:01 AM EDT 2026
